// Jest Snapshot v1, https://goo.gl/fbAQLP

exports[`Test <CounterApp/> should match to snapshot 1`] = `
<div>
  <h1>
    CounterApp
  </h1>
  <h2>
    100
  </h2>
  <button>
    -1
  </button>
  <button
    name="btn-reset"
  >
    Reset
  </button>
  <button>
    +1
  </button>
</div>
`;
