// Jest Snapshot v1, https://goo.gl/fbAQLP

exports[`Pruebas en FirstApp should match to Snapshot 1`] = `
<div>
  <div>
    <h1
      data-testid="test-title"
    >
       
      Hola, soy Goku
       
    </h1>
    <p>
      Subtitulo vacio
    </p>
    <p>
      Raúl Núñez
    </p>
  </div>
</div>
`;
